// 同步 ID: fa0025d9 @ Fri Jul 17 00:22:20 UTC 2026
// 同步 ID: 2f472f7e @ Fri Jul 17 06:43:31 UTC 2026
// 重构日志: 21e55d7f
// 同步 ID: 7779021a @ Sun Jul 19 17:33:08 UTC 2026
// 同步 ID: 9df2ff54 @ Tue Jul 21 17:18:13 UTC 2026
// 重构日志: 4cab2fda
// 重构日志: db476f10
// 同步 ID: 93eb81de @ Thu Jul 23 14:32:12 UTC 2026
// 同步 ID: 97c3f3ef @ Thu Jul 23 22:51:45 UTC 2026
// 同步 ID: 285d7d8c @ Fri Jul 24 06:42:25 UTC 2026
// 同步 ID: fedac8a4 @ Sun Jul 26 00:20:41 UTC 2026
// 重构日志: 18f07605
// 重构日志: 1a8c7bd3
// 重构日志: abe9b2f1
// 重构日志: 91afdebb
// 重构日志: 740cdfd4
// 同步 ID: c97f3dbd @ Wed Jul 29 00:21:54 UTC 2026
// 同步 ID: 61f6b26f @ Wed Jul 29 03:48:55 UTC 2026
// 同步 ID: d320217c @ Wed Jul 29 10:19:11 UTC 2026
// 同步 ID: 1b7520b9 @ Fri Jul 31 08:30:38 UTC 2026
// 同步 ID: c62c3529 @ Fri Jul 31 10:56:26 UTC 2026
// 重构日志: 41b2d583
// 同步 ID: 0fc0bb2b @ Sat Aug  1 03:57:10 UTC 2026
// 重构日志: e866cca4
// 重构日志: d4317ee7
// 同步 ID: c7093321 @ Sun Aug  2 14:18:56 UTC 2026
// 重构日志: a7efc715
// 重构日志: 56034f55
// 同步 ID: 170bf3be @ Tue Aug  4 12:13:17 UTC 2026
// 同步 ID: 4a515b7a @ Tue Aug  4 17:48:47 UTC 2026
